[12-May-2026 08:20:41 Europe/Copenhagen] PHP Fatal error:  Cannot redeclare function htm_Header() (previously declared in /home/evsoftdk/public_html/TinyCashControl/tiny_cash/inc/php2htm.lib.php:4) in /home/evsoftdk/public_html/TinyCashControl/tiny_cash/inc/php2htm.lib.php on line 4
Stack trace:
#0 {main}
[12-May-2026 08:23:27 Europe/Copenhagen] PHP Fatal error:  Cannot redeclare function htm_Header() (previously declared in /home/evsoftdk/public_html/TinyCashControl/tiny_cash/inc/php2htm.lib.php:4) in /home/evsoftdk/public_html/TinyCashControl/tiny_cash/inc/php2htm.lib.php on line 4
Stack trace:
#0 {main}
[12-May-2026 08:23:36 Europe/Copenhagen] PHP Fatal error:  Cannot redeclare function htm_Header() (previously declared in /home/evsoftdk/public_html/TinyCashControl/tiny_cash/inc/php2htm.lib.php:4) in /home/evsoftdk/public_html/TinyCashControl/tiny_cash/inc/php2htm.lib.php on line 4
Stack trace:
#0 {main}
[21-May-2026 11:54:25 Europe/Copenhagen] PHP Fatal error:  Cannot redeclare function htm_Shell_() (previously declared in /home/evsoftdk/public_html/TinyCashControl/tiny_cash/inc/php2htm.lib.php:347) in /home/evsoftdk/public_html/TinyCashControl/tiny_cash/inc/php2htm.lib.php on line 647
Stack trace:
#0 {main}
[21-May-2026 11:57:17 Europe/Copenhagen] PHP Fatal error:  Uncaught Error: Call to undefined function lang() in /home/evsoftdk/public_html/TinyCashControl/tiny_cash/login.php:55
Stack trace:
#0 {main}
  thrown in /home/evsoftdk/public_html/TinyCashControl/tiny_cash/login.php on line 55
[21-May-2026 11:57:45 Europe/Copenhagen] PHP Warning:  ini_set(): Session ini settings cannot be changed after headers have already been sent (sent from /home/evsoftdk/public_html/TinyCashControl/tiny_cash/inc/db_connect.inc.php on line 10) in /home/evsoftdk/public_html/TinyCashControl/tiny_cash/inc/auth.inc.php on line 4
[21-May-2026 11:57:45 Europe/Copenhagen] PHP Warning:  session_set_cookie_params(): Session cookie parameters cannot be changed after headers have already been sent (sent from /home/evsoftdk/public_html/TinyCashControl/tiny_cash/inc/db_connect.inc.php on line 10) in /home/evsoftdk/public_html/TinyCashControl/tiny_cash/inc/auth.inc.php on line 5
[21-May-2026 11:57:45 Europe/Copenhagen] PHP Warning:  session_start(): Session cannot be started after headers have already been sent (sent from /home/evsoftdk/public_html/TinyCashControl/tiny_cash/inc/db_connect.inc.php on line 10) in /home/evsoftdk/public_html/TinyCashControl/tiny_cash/inc/auth.inc.php on line 6
[21-May-2026 11:57:45 Europe/Copenhagen] PHP Warning:  Cannot modify header information - headers already sent by (output started at /home/evsoftdk/public_html/TinyCashControl/tiny_cash/inc/db_connect.inc.php:10) in /home/evsoftdk/public_html/TinyCashControl/tiny_cash/inc/auth.inc.php on line 43
[21-May-2026 12:05:13 Europe/Copenhagen] PHP Warning:  ini_set(): Session ini settings cannot be changed after headers have already been sent (sent from /home/evsoftdk/public_html/TinyCashControl/tiny_cash/inc/db_connect.inc.php on line 10) in /home/evsoftdk/public_html/TinyCashControl/tiny_cash/inc/auth.inc.php on line 4
[21-May-2026 12:05:13 Europe/Copenhagen] PHP Warning:  session_set_cookie_params(): Session cookie parameters cannot be changed after headers have already been sent (sent from /home/evsoftdk/public_html/TinyCashControl/tiny_cash/inc/db_connect.inc.php on line 10) in /home/evsoftdk/public_html/TinyCashControl/tiny_cash/inc/auth.inc.php on line 5
[21-May-2026 12:05:13 Europe/Copenhagen] PHP Warning:  session_start(): Session cannot be started after headers have already been sent (sent from /home/evsoftdk/public_html/TinyCashControl/tiny_cash/inc/db_connect.inc.php on line 10) in /home/evsoftdk/public_html/TinyCashControl/tiny_cash/inc/auth.inc.php on line 6
[21-May-2026 12:05:13 Europe/Copenhagen] PHP Warning:  Cannot modify header information - headers already sent by (output started at /home/evsoftdk/public_html/TinyCashControl/tiny_cash/inc/db_connect.inc.php:10) in /home/evsoftdk/public_html/TinyCashControl/tiny_cash/inc/auth.inc.php on line 43
[21-May-2026 12:05:27 Europe/Copenhagen] PHP Warning:  ini_set(): Session ini settings cannot be changed after headers have already been sent (sent from /home/evsoftdk/public_html/TinyCashControl/tiny_cash/inc/db_connect.inc.php on line 10) in /home/evsoftdk/public_html/TinyCashControl/tiny_cash/inc/auth.inc.php on line 4
[21-May-2026 12:05:27 Europe/Copenhagen] PHP Warning:  session_set_cookie_params(): Session cookie parameters cannot be changed after headers have already been sent (sent from /home/evsoftdk/public_html/TinyCashControl/tiny_cash/inc/db_connect.inc.php on line 10) in /home/evsoftdk/public_html/TinyCashControl/tiny_cash/inc/auth.inc.php on line 5
[21-May-2026 12:05:27 Europe/Copenhagen] PHP Warning:  session_start(): Session cannot be started after headers have already been sent (sent from /home/evsoftdk/public_html/TinyCashControl/tiny_cash/inc/db_connect.inc.php on line 10) in /home/evsoftdk/public_html/TinyCashControl/tiny_cash/inc/auth.inc.php on line 6
[21-May-2026 12:05:27 Europe/Copenhagen] PHP Warning:  Cannot modify header information - headers already sent by (output started at /home/evsoftdk/public_html/TinyCashControl/tiny_cash/inc/db_connect.inc.php:10) in /home/evsoftdk/public_html/TinyCashControl/tiny_cash/inc/auth.inc.php on line 43
[21-May-2026 12:06:02 Europe/Copenhagen] PHP Warning:  ini_set(): Session ini settings cannot be changed after headers have already been sent (sent from /home/evsoftdk/public_html/TinyCashControl/tiny_cash/inc/db_connect.inc.php on line 10) in /home/evsoftdk/public_html/TinyCashControl/tiny_cash/inc/auth.inc.php on line 4
[21-May-2026 12:06:02 Europe/Copenhagen] PHP Warning:  session_set_cookie_params(): Session cookie parameters cannot be changed after headers have already been sent (sent from /home/evsoftdk/public_html/TinyCashControl/tiny_cash/inc/db_connect.inc.php on line 10) in /home/evsoftdk/public_html/TinyCashControl/tiny_cash/inc/auth.inc.php on line 5
[21-May-2026 12:06:02 Europe/Copenhagen] PHP Warning:  session_start(): Session cannot be started after headers have already been sent (sent from /home/evsoftdk/public_html/TinyCashControl/tiny_cash/inc/db_connect.inc.php on line 10) in /home/evsoftdk/public_html/TinyCashControl/tiny_cash/inc/auth.inc.php on line 6
[21-May-2026 12:06:02 Europe/Copenhagen] PHP Warning:  Cannot modify header information - headers already sent by (output started at /home/evsoftdk/public_html/TinyCashControl/tiny_cash/inc/db_connect.inc.php:10) in /home/evsoftdk/public_html/TinyCashControl/tiny_cash/inc/auth.inc.php on line 43
[24-May-2026 21:22:58 Europe/Copenhagen] PHP Parse error:  syntax error, unexpected single-quoted string ", $type=", expecting "," or ";" in /home/evsoftdk/public_html/TinyCashControl/tiny_cash/inc/php2htm.lib.php on line 302
[14-Jun-2026 21:07:57 Europe/Copenhagen] PHP Fatal error:  Uncaught mysqli_sql_exception: Unknown column 'c.cust_city' in 'SELECT' in /home/evsoftdk/public_html/TinyCashControl/tiny_cash/export_oioubl.php:16
Stack trace:
#0 /home/evsoftdk/public_html/TinyCashControl/tiny_cash/export_oioubl.php(16): mysqli_query(Object(mysqli), 'SELECT i.*, c.c...')
#1 {main}
  thrown in /home/evsoftdk/public_html/TinyCashControl/tiny_cash/export_oioubl.php on line 16
